Archive member included because of file (symbol)

/Users/obakesan/Library/Application Support/Pebble SDK/SDKs/current/sdk-core/pebble/aplite/lib/libpebble.a(tmp54NhKcpebble.o)
                              src/main.c.28.o (accel_tap_service_subscribe)

Discarded input sections

 .text          0x0000000000000000        0x0 /usr/local/Cellar/pebble-toolchain/2.0/arm-cs-tools/bin/../lib/gcc/arm-none-eabi/4.7.2/thumb2/crti.o
 .bss           0x0000000000000000        0x0 /usr/local/Cellar/pebble-toolchain/2.0/arm-cs-tools/bin/../lib/gcc/arm-none-eabi/4.7.2/thumb2/crti.o
 .init          0x0000000000000000        0x4 /usr/local/Cellar/pebble-toolchain/2.0/arm-cs-tools/bin/../lib/gcc/arm-none-eabi/4.7.2/thumb2/crti.o
 .fini          0x0000000000000000        0x4 /usr/local/Cellar/pebble-toolchain/2.0/arm-cs-tools/bin/../lib/gcc/arm-none-eabi/4.7.2/thumb2/crti.o
 .text          0x0000000000000000       0xc8 /usr/local/Cellar/pebble-toolchain/2.0/arm-cs-tools/bin/../lib/gcc/arm-none-eabi/4.7.2/thumb2/crtbegin.o
 .bss           0x0000000000000000       0x1c /usr/local/Cellar/pebble-toolchain/2.0/arm-cs-tools/bin/../lib/gcc/arm-none-eabi/4.7.2/thumb2/crtbegin.o
 .init_array    0x0000000000000000        0x4 /usr/local/Cellar/pebble-toolchain/2.0/arm-cs-tools/bin/../lib/gcc/arm-none-eabi/4.7.2/thumb2/crtbegin.o
 .fini_array    0x0000000000000000        0x4 /usr/local/Cellar/pebble-toolchain/2.0/arm-cs-tools/bin/../lib/gcc/arm-none-eabi/4.7.2/thumb2/crtbegin.o
 .eh_frame      0x0000000000000000        0x0 /usr/local/Cellar/pebble-toolchain/2.0/arm-cs-tools/bin/../lib/gcc/arm-none-eabi/4.7.2/thumb2/crtbegin.o
 .jcr           0x0000000000000000        0x0 /usr/local/Cellar/pebble-toolchain/2.0/arm-cs-tools/bin/../lib/gcc/arm-none-eabi/4.7.2/thumb2/crtbegin.o
 .tm_clone_table
                0x0000000000000000        0x0 /usr/local/Cellar/pebble-toolchain/2.0/arm-cs-tools/bin/../lib/gcc/arm-none-eabi/4.7.2/thumb2/crtbegin.o
 .text          0x0000000000000000        0x0 src/config.c.28.o
 .bss           0x0000000000000000        0x0 src/config.c.28.o
 .text          0x0000000000000000        0x0 src/main.c.28.o
 .bss           0x0000000000000000        0x0 src/main.c.28.o
 .text          0x0000000000000000        0x0 aplite/appinfo.auto.c.28.o
 .bss           0x0000000000000000        0x0 aplite/appinfo.auto.c.28.o
 .text          0x0000000000000000        0x0 aplite/src/resource_ids.auto.c.28.o
 .bss           0x0000000000000000        0x0 aplite/src/resource_ids.auto.c.28.o
 .data.RESOURCE_ID_IMAGE_MENU_ICON
                0x0000000000000000        0x4 aplite/src/resource_ids.auto.c.28.o
 .data.RESOURCE_ID_ROKKITT_BOLD_64
                0x0000000000000000        0x4 aplite/src/resource_ids.auto.c.28.o
 .data.RESOURCE_ID_LATO_BLACK_24
                0x0000000000000000        0x4 aplite/src/resource_ids.auto.c.28.o
 .text          0x0000000000000000        0x0 src/message_keys.auto.c.28.o
 .bss           0x0000000000000000        0x0 src/message_keys.auto.c.28.o
 .bss           0x0000000000000000        0x0 /Users/obakesan/Library/Application Support/Pebble SDK/SDKs/current/sdk-core/pebble/aplite/lib/libpebble.a(tmp54NhKcpebble.o)
 .text.accel_data_service_subscribe__deprecated
                0x0000000000000000        0xc /Users/obakesan/Library/Application Support/Pebble SDK/SDKs/current/sdk-core/pebble/aplite/lib/libpebble.a(tmp54NhKcpebble.o)
 .text.accel_data_service_unsubscribe
                0x0000000000000000        0xc /Users/obakesan/Library/Application Support/Pebble SDK/SDKs/current/sdk-core/pebble/aplite/lib/libpebble.a(tmp54NhKcpebble.o)
 .text.accel_service_peek
                0x0000000000000000        0xc /Users/obakesan/Library/Application Support/Pebble SDK/SDKs/current/sdk-core/pebble/aplite/lib/libpebble.a(tmp54NhKcpebble.o)
 .text.accel_service_set_samples_per_update
                0x0000000000000000        0xc /Users/obakesan/Library/Application Support/Pebble SDK/SDKs/current/sdk-core/pebble/aplite/lib/libpebble.a(tmp54NhKcpebble.o)
 .text.accel_service_set_sampling_rate
                0x0000000000000000        0xc /Users/obakesan/Library/Application Support/Pebble SDK/SDKs/current/sdk-core/pebble/aplite/lib/libpebble.a(tmp54NhKcpebble.o)
 .text.action_bar_layer_legacy2_add_to_window
                0x0000000000000000        0xc /Users/obakesan/Library/Application Support/Pebble SDK/SDKs/current/sdk-core/pebble/aplite/lib/libpebble.a(tmp54NhKcpebble.o)
 .text.action_bar_layer_legacy2_clear_icon
                0x0000000000000000        0xc /Users/obakesan/Library/Application Support/Pebble SDK/SDKs/current/sdk-core/pebble/aplite/lib/libpebble.a(tmp54NhKcpebble.o)
 .text.action_bar_layer_legacy2_create
                0x0000000000000000        0xc /Users/obakesan/Library/Application Support/Pebble SDK/SDKs/current/sdk-core/pebble/aplite/lib/libpebble.a(tmp54NhKcpebble.o)
 .text.action_bar_layer_legacy2_destroy
[...]
Memory Configuration

Name             Origin             Length             Attributes
APP              0x0000000000000000 0x0000000000006000 xrw
*default*        0x0000000000000000 0xffffffffffffffff

Linker script and memory map

LOAD /usr/local/Cellar/pebble-toolchain/2.0/arm-cs-tools/bin/../lib/gcc/arm-none-eabi/4.7.2/thumb2/crti.o
LOAD /usr/local/Cellar/pebble-toolchain/2.0/arm-cs-tools/bin/../lib/gcc/arm-none-eabi/4.7.2/thumb2/crtbegin.o
LOAD src/config.c.28.o
LOAD src/main.c.28.o
LOAD aplite/appinfo.auto.c.28.o
LOAD aplite/src/resource_ids.auto.c.28.o
LOAD src/message_keys.auto.c.28.o
LOAD /Users/obakesan/Library/Application Support/Pebble SDK/SDKs/current/sdk-core/pebble/aplite/lib/libpebble.a
LOAD /Users/obakesan/CloudStation/Projects/OnePlus Life/node_modules/pebble-clay/dist/binaries/aplite/libpebble-clay.a
START GROUP
LOAD /usr/local/Cellar/pebble-toolchain/2.0/arm-cs-tools/bin/../lib/gcc/arm-none-eabi/4.7.2/thumb2/libgcc.a
LOAD /usr/local/Cellar/pebble-toolchain/2.0/arm-cs-tools/bin/../lib/gcc/arm-none-eabi/4.7.2/../../../../arm-none-eabi/lib/thumb2/libc.a
END GROUP
LOAD /usr/local/Cellar/pebble-toolchain/2.0/arm-cs-tools/bin/../lib/gcc/arm-none-eabi/4.7.2/thumb2/crtend.o
LOAD /usr/local/Cellar/pebble-toolchain/2.0/arm-cs-tools/bin/../lib/gcc/arm-none-eabi/4.7.2/thumb2/crtn.o

.header         0x0000000000000000       0x82
 *(.pbl_header)
 .pbl_header    0x0000000000000000       0x82 aplite/appinfo.auto.c.28.o
                0x0000000000000000                __pbl_app_info

.note.gnu.build-id
                0x0000000000000082       0x26
                0x0000000000000082                PROVIDE (BUILD_ID, .)
 *(.note.gnu.build-id)
 *fill*         0x0000000000000082        0x2 
 .note.gnu.build-id
                0x0000000000000084       0x24 linker stubs

.text           0x00000000000000a8      0xa46
 *(.text)
 .text          0x00000000000000a8       0x14 /Users/obakesan/Library/Application Support/Pebble SDK/SDKs/current/sdk-core/pebble/aplite/lib/libpebble.a(tmp54NhKcpebble.o)
 *(.text.*)
 .text.init_setting_theme
                0x00000000000000bc       0x32 src/config.c.28.o
                0x00000000000000bc                init_setting_theme
 *fill*         0x00000000000000ee        0x2 
 .text.init_settings
                0x00000000000000f0       0x50 src/config.c.28.o
                0x00000000000000f0                init_settings
 .text.watch_refresh_theme
                0x0000000000000140       0x74 src/main.c.28.o
 .text.watch_set_text
                0x00000000000001b4       0x44 src/main.c.28.o
 .text.prv_window_unload
                0x00000000000001f8       0x44 src/main.c.28.o
 .text.logo_layer_update_proc
                0x000000000000023c       0xc8 src/main.c.28.o
 .text.watch_set_saying.part.0
                0x0000000000000304       0x40 src/main.c.28.o
 .text.app_timer_callback
                0x0000000000000344       0x30 src/main.c.28.o
 .text.accel_tap_handler
                0x0000000000000374       0x8c src/main.c.28.o
 .text.prv_window_load
                0x0000000000000400      0x178 src/main.c.28.o
 .text.inbox_received_handler
                0x0000000000000578       0x88 src/main.c.28.o
 .text.startup.main
                0x0000000000000600       0x7c src/main.c.28.o
                0x0000000000000600                main
 .text.accel_tap_service_subscribe
                0x000000000000067c        0xc /Users/obakesan/Library/Application Support/Pebble SDK/SDKs/current/sdk-core/pebble/aplite/lib/libpebble.a(tmp54NhKcpebble.o)
                0x000000000000067c                accel_tap_service_subscribe
 .text.accel_tap_service_unsubscribe
                0x0000000000000688        0xc /Users/obakesan/Library/Application Support/Pebble SDK/SDKs/current/sdk-core/pebble/aplite/lib/libpebble.a(tmp54NhKcpebble.o)
                0x0000000000000688                accel_tap_service_unsubscribe
 .text.app_event_loop
                0x0000000000000694        0xc /Users/obakesan/Library/Application Support/Pebble SDK/SDKs/current/sdk-core/pebble/aplite/lib/libpebble.a(tmp54NhKcpebble.o)
                0x0000000000000694                app_event_loop
 .text.app_message_deregister_callbacks
                0x00000000000006a0        0xc /Users/obakesan/Library/Application Support/Pebble SDK/SDKs/current/sdk-core/pebble/aplite/lib/libpebble.a(tmp54NhKcpebble.o)
                0x00000000000006a0                app_message_deregister_callbacks
 .text.app_message_open
                0x00000000000006ac        0xc /Users/obakesan/Library/Application Support/Pebble SDK/SDKs/current/sdk-core/pebble/aplite/lib/libpebble.a(tmp54NhKcpebble.o)
                0x00000000000006ac                app_message_open
 .text.app_timer_register
                0x00000000000006b8        0xc /Users/obakesan/Library/Application Support/Pebble SDK/SDKs/current/sdk-core/pebble/aplite/lib/libpebble.a(tmp54NhKcpebble.o)
                0x00000000000006b8                app_timer_register
 .text.clock_is_24h_style
                0x00000000000006c4        0xc /Users/obakesan/Library/Application Support/Pebble SDK/SDKs/current/sdk-core/pebble/aplite/lib/libpebble.a(tmp54NhKcpebble.o)
                0x00000000000006c4                clock_is_24h_style
 .text.dict_find
                0x00000000000006d0        0xc /Users/obakesan/Library/Application Support/Pebble SDK/SDKs/current/sdk-core/pebble/aplite/lib/libpebble.a(tmp54NhKcpebble.o)
                0x00000000000006d0                dict_find
 .text.fonts_load_custom_font
                0x00000000000006dc        0xc /Users/obakesan/Library/Application Support/Pebble SDK/SDKs/current/sdk-core/pebble/aplite/lib/libpebble.a(tmp54NhKcpebble.o)
                0x00000000000006dc                fonts_load_custom_font
 .text.graphics_fill_rect
                0x00000000000006e8        0xc /Users/obakesan/Library/Application Support/Pebble SDK/SDKs/current/sdk-core/pebble/aplite/lib/libpebble.a(tmp54NhKcpebble.o)
                0x00000000000006e8                graphics_fill_rect
 .text.layer_add_child
                0x00000000000006f4        0xc /Users/obakesan/Library/Application Support/Pebble SDK/SDKs/current/sdk-core/pebble/aplite/lib/libpebble.a(tmp54NhKcpebble.o)
                0x00000000000006f4                layer_add_child
 .text.layer_create
                0x0000000000000700        0xc /Users/obakesan/Library/Application Support/Pebble SDK/SDKs/current/sdk-core/pebble/aplite/lib/libpebble.a(tmp54NhKcpebble.o)
                0x0000000000000700                layer_create
 .text.layer_destroy
                0x000000000000070c        0xc /Users/obakesan/Library/Application Support/Pebble SDK/SDKs/current/sdk-core/pebble/aplite/lib/libpebble.a(tmp54NhKcpebble.o)
                0x000000000000070c                layer_destroy
 .text.layer_get_bounds
                0x0000000000000718        0xc /Users/obakesan/Library/Application Support/Pebble SDK/SDKs/current/sdk-core/pebble/aplite/lib/libpebble.a(tmp54NhKcpebble.o)
                0x0000000000000718                layer_get_bounds
 .text.layer_mark_dirty
                0x0000000000000724        0xc /Users/obakesan/Library/Application Support/Pebble SDK/SDKs/current/sdk-core/pebble/aplite/lib/libpebble.a(tmp54NhKcpebble.o)
                0x0000000000000724                layer_mark_dirty
 .text.layer_set_update_proc
                0x0000000000000730        0xc /Users/obakesan/Library/Application Support/Pebble SDK/SDKs/current/sdk-core/pebble/aplite/lib/libpebble.a(tmp54NhKcpebble.o)
                0x0000000000000730                layer_set_update_proc
 .text.memset   0x000000000000073c        0xc /Users/obakesan/Library/Application Support/Pebble SDK/SDKs/current/sdk-core/pebble/aplite/lib/libpebble.a(tmp54NhKcpebble.o)
                0x000000000000073c                memset
 .text.persist_exists
                0x0000000000000748        0xc /Users/obakesan/Library/Application Support/Pebble SDK/SDKs/current/sdk-core/pebble/aplite/lib/libpebble.a(tmp54NhKcpebble.o)
                0x0000000000000748                persist_exists
 .text.persist_read_bool
                0x0000000000000754        0xc /Users/obakesan/Library/Application Support/Pebble SDK/SDKs/current/sdk-core/pebble/aplite/lib/libpebble.a(tmp54NhKcpebble.o)
                0x0000000000000754                persist_read_bool
 .text.persist_read_int
                0x0000000000000760        0xc /Users/obakesan/Library/Application Support/Pebble SDK/SDKs/current/sdk-core/pebble/aplite/lib/libpebble.a(tmp54NhKcpebble.o)
                0x0000000000000760                persist_read_int
 .text.persist_write_bool
                0x000000000000076c        0xc /Users/obakesan/Library/Application Support/Pebble SDK/SDKs/current/sdk-core/pebble/aplite/lib/libpebble.a(tmp54NhKcpebble.o)
                0x000000000000076c                persist_write_bool
 .text.persist_write_int
                0x0000000000000778        0xc /Users/obakesan/Library/Application Support/Pebble SDK/SDKs/current/sdk-core/pebble/aplite/lib/libpebble.a(tmp54NhKcpebble.o)
                0x0000000000000778                persist_write_int
 .text.rand     0x0000000000000784        0xc /Users/obakesan/Library/Application Support/Pebble SDK/SDKs/current/sdk-core/pebble/aplite/lib/libpebble.a(tmp54NhKcpebble.o)
                0x0000000000000784                rand
 .text.resource_get_handle
                0x0000000000000790        0xc /Users/obakesan/Library/Application Support/Pebble SDK/SDKs/current/sdk-core/pebble/aplite/lib/libpebble.a(tmp54NhKcpebble.o)
                0x0000000000000790                resource_get_handle
 .text.snprintf
                0x000000000000079c        0xc /Users/obakesan/Library/Application Support/Pebble SDK/SDKs/current/sdk-core/pebble/aplite/lib/libpebble.a(tmp54NhKcpebble.o)
                0x000000000000079c                snprintf
 .text.strcpy   0x00000000000007a8        0xc /Users/obakesan/Library/Application Support/Pebble SDK/SDKs/current/sdk-core/pebble/aplite/lib/libpebble.a(tmp54NhKcpebble.o)
                0x00000000000007a8                strcpy
 .text.strftime
                0x00000000000007b4        0xc /Users/obakesan/Library/Application Support/Pebble SDK/SDKs/current/sdk-core/pebble/aplite/lib/libpebble.a(tmp54NhKcpebble.o)
                0x00000000000007b4                strftime
 .text.window_create
                0x00000000000007c0        0xc /Users/obakesan/Library/Application Support/Pebble SDK/SDKs/current/sdk-core/pebble/aplite/lib/libpebble.a(tmp54NhKcpebble.o)
                0x00000000000007c0                window_create
 .text.window_destroy
                0x00000000000007cc        0xc /Users/obakesan/Library/Application Support/Pebble SDK/SDKs/current/sdk-core/pebble/aplite/lib/libpebble.a(tmp54NhKcpebble.o)
                0x00000000000007cc                window_destroy
 .text.window_get_root_layer
                0x00000000000007d8        0xc /Users/obakesan/Library/Application Support/Pebble SDK/SDKs/current/sdk-core/pebble/aplite/lib/libpebble.a(tmp54NhKcpebble.o)
                0x00000000000007d8                window_get_root_layer
 .text.window_set_window_handlers
                0x00000000000007e4        0xc /Users/obakesan/Library/Application Support/Pebble SDK/SDKs/current/sdk-core/pebble/aplite/lib/libpebble.a(tmp54NhKcpebble.o)
                0x00000000000007e4                window_set_window_handlers
 .text.window_stack_push
                0x00000000000007f0        0xc /Users/obakesan/Library/Application Support/Pebble SDK/SDKs/current/sdk-core/pebble/aplite/lib/libpebble.a(tmp54NhKcpebble.o)
                0x00000000000007f0                window_stack_push
 .text.app_message_register_inbox_received
                0x00000000000007fc        0xc /Users/obakesan/Library/Application Support/Pebble SDK/SDKs/current/sdk-core/pebble/aplite/lib/libpebble.a(tmp54NhKcpebble.o)
                0x00000000000007fc                app_message_register_inbox_received
 .text.graphics_context_set_fill_color
                0x0000000000000808        0xc /Users/obakesan/Library/Application Support/Pebble SDK/SDKs/current/sdk-core/pebble/aplite/lib/libpebble.a(tmp54NhKcpebble.o)
                0x0000000000000808                graphics_context_set_fill_color
 .text.window_set_background_color
                0x0000000000000814        0xc /Users/obakesan/Library/Application Support/Pebble SDK/SDKs/current/sdk-core/pebble/aplite/lib/libpebble.a(tmp54NhKcpebble.o)
                0x0000000000000814                window_set_background_color
 .text.localtime
                0x0000000000000820        0xc /Users/obakesan/Library/Application Support/Pebble SDK/SDKs/current/sdk-core/pebble/aplite/lib/libpebble.a(tmp54NhKcpebble.o)
                0x0000000000000820                localtime
 .text.text_layer_create
                0x000000000000082c        0xc /Users/obakesan/Library/Application Support/Pebble SDK/SDKs/current/sdk-core/pebble/aplite/lib/libpebble.a(tmp54NhKcpebble.o)
                0x000000000000082c                text_layer_create
 .text.text_layer_destroy
                0x0000000000000838        0xc /Users/obakesan/Library/Application Support/Pebble SDK/SDKs/current/sdk-core/pebble/aplite/lib/libpebble.a(tmp54NhKcpebble.o)
                0x0000000000000838                text_layer_destroy
 .text.text_layer_set_background_color
                0x0000000000000844        0xc /Users/obakesan/Library/Application Support/Pebble SDK/SDKs/current/sdk-core/pebble/aplite/lib/libpebble.a(tmp54NhKcpebble.o)
                0x0000000000000844                text_layer_set_background_color
 .text.text_layer_set_font
                0x0000000000000850        0xc /Users/obakesan/Library/Application Support/Pebble SDK/SDKs/current/sdk-core/pebble/aplite/lib/libpebble.a(tmp54NhKcpebble.o)
                0x0000000000000850                text_layer_set_font
 .text.text_layer_set_text
                0x000000000000085c        0xc /Users/obakesan/Library/Application Support/Pebble SDK/SDKs/current/sdk-core/pebble/aplite/lib/libpebble.a(tmp54NhKcpebble.o)
                0x000000000000085c                text_layer_set_text
 .text.text_layer_set_text_alignment
                0x0000000000000868        0xc /Users/obakesan/Library/Application Support/Pebble SDK/SDKs/current/sdk-core/pebble/aplite/lib/libpebble.a(tmp54NhKcpebble.o)
                0x0000000000000868                text_layer_set_text_alignment
 .text.text_layer_set_text_color
                0x0000000000000874        0xc /Users/obakesan/Library/Application Support/Pebble SDK/SDKs/current/sdk-core/pebble/aplite/lib/libpebble.a(tmp54NhKcpebble.o)
                0x0000000000000874                text_layer_set_text_color
 .text.time     0x0000000000000880        0xc /Users/obakesan/Library/Application Support/Pebble SDK/SDKs/current/sdk-core/pebble/aplite/lib/libpebble.a(tmp54NhKcpebble.o)
                0x0000000000000880                time
 *(.rodata)
 .rodata        0x000000000000088c       0x40 src/main.c.28.o
 *(.rodata*)
 .rodata.str1.1
                0x00000000000008cc       0x6a src/main.c.28.o
 .rodata.sayings
                0x0000000000000936      0x1b8 src/main.c.28.o

.glue_7         0x0000000000000af0        0x0
 .glue_7        0x0000000000000000        0x0 linker stubs

.glue_7t        0x0000000000000af0        0x0
 .glue_7t       0x0000000000000000        0x0 linker stubs

.vfp11_veneer   0x0000000000000af0        0x0
 .vfp11_veneer  0x0000000000000000        0x0 linker stubs

.v4_bx          0x0000000000000af0        0x0
 .v4_bx         0x0000000000000000        0x0 linker stubs

.iplt           0x0000000000000af0        0x0
 .iplt          0x0000000000000000        0x0 /usr/local/Cellar/pebble-toolchain/2.0/arm-cs-tools/bin/../lib/gcc/arm-none-eabi/4.7.2/thumb2/crtbegin.o

.rel.dyn        0x0000000000000af0        0x0
 .rel.iplt      0x0000000000000000        0x0 /usr/local/Cellar/pebble-toolchain/2.0/arm-cs-tools/bin/../lib/gcc/arm-none-eabi/4.7.2/thumb2/crtbegin.o
 .rel.got       0x0000000000000000        0x0 /usr/local/Cellar/pebble-toolchain/2.0/arm-cs-tools/bin/../lib/gcc/arm-none-eabi/4.7.2/thumb2/crtbegin.o

.data           0x0000000000000af0       0x3c
 *(.data)
 .data          0x0000000000000af0        0x0 /usr/local/Cellar/pebble-toolchain/2.0/arm-cs-tools/bin/../lib/gcc/arm-none-eabi/4.7.2/thumb2/crti.o
 .data          0x0000000000000af0        0x4 /usr/local/Cellar/pebble-toolchain/2.0/arm-cs-tools/bin/../lib/gcc/arm-none-eabi/4.7.2/thumb2/crtbegin.o
                0x0000000000000af0                __dso_handle
 .data          0x0000000000000af4        0x0 src/config.c.28.o
 .data          0x0000000000000af4        0x0 src/main.c.28.o
 .data          0x0000000000000af4        0x0 aplite/appinfo.auto.c.28.o
 .data          0x0000000000000af4        0x0 aplite/src/resource_ids.auto.c.28.o
 .data          0x0000000000000af4        0x0 src/message_keys.auto.c.28.o
 .data          0x0000000000000af4        0x0 /Users/obakesan/Library/Application Support/Pebble SDK/SDKs/current/sdk-core/pebble/aplite/lib/libpebble.a(tmp54NhKcpebble.o)
 .data          0x0000000000000af4        0x0 /usr/local/Cellar/pebble-toolchain/2.0/arm-cs-tools/bin/../lib/gcc/arm-none-eabi/4.7.2/thumb2/crtend.o
 .data          0x0000000000000af4        0x0 /usr/local/Cellar/pebble-toolchain/2.0/arm-cs-tools/bin/../lib/gcc/arm-none-eabi/4.7.2/thumb2/crtn.o
 *(.data.*)
 .data.rel.ro.local.MONTHS
                0x0000000000000af4       0x30 src/main.c.28.o
 .data.MESSAGE_KEY_THEME
                0x0000000000000b24        0x4 src/message_keys.auto.c.28.o
                0x0000000000000b24                MESSAGE_KEY_THEME
 .data.MESSAGE_KEY_IS_SAYINGS
                0x0000000000000b28        0x4 src/message_keys.auto.c.28.o
                0x0000000000000b28                MESSAGE_KEY_IS_SAYINGS

.igot.plt       0x0000000000000b2c        0x0
 .igot.plt      0x0000000000000000        0x0 /usr/local/Cellar/pebble-toolchain/2.0/arm-cs-tools/bin/../lib/gcc/arm-none-eabi/4.7.2/thumb2/crtbegin.o

.got            0x0000000000000b2c        0x8
 .got           0x0000000000000b2c        0x8 /usr/local/Cellar/pebble-toolchain/2.0/arm-cs-tools/bin/../lib/gcc/arm-none-eabi/4.7.2/thumb2/crtbegin.o

.got.plt        0x0000000000000b34        0xc
 .got.plt       0x0000000000000b34        0xc /usr/local/Cellar/pebble-toolchain/2.0/arm-cs-tools/bin/../lib/gcc/arm-none-eabi/4.7.2/thumb2/crtbegin.o
                0x0000000000000b34                _GLOBAL_OFFSET_TABLE_

.bss            0x0000000000000b40       0x38
 *(.bss)
 *(.bss.*)
 .bss.ft        0x0000000000000b40       0x18 src/main.c.28.o
 .bss.fontLatoBlack
                0x0000000000000b58        0x4 src/main.c.28.o
 .bss.textLayerHeader
                0x0000000000000b5c        0x4 src/main.c.28.o
 .bss.settings  0x0000000000000b60        0x3 src/main.c.28.o
 *fill*         0x0000000000000b63        0x1 
 .bss.layerLogo
                0x0000000000000b64        0x4 src/main.c.28.o
 .bss.s_window  0x0000000000000b68        0x4 src/main.c.28.o
 .bss.fontRokkitBold
                0x0000000000000b6c        0x4 src/main.c.28.o
 .bss.textLayerFooter
                0x0000000000000b70        0x4 src/main.c.28.o
 .bss.textLayerLogo
                0x0000000000000b74        0x4 src/main.c.28.o

DISCARD
 libc.a(*)
 libm.a(*)
 libgcc.a(*)
 *(.eh_frame)
OUTPUT(/Users/obakesan/CloudStation/Projects/OnePlus Life/build/aplite/pebble-app.elf elf32-littlearm)

.ARM.attributes
                0x0000000000000000       0x27
 .ARM.attributes
                0x0000000000000000       0x19 /usr/local/Cellar/pebble-toolchain/2.0/arm-cs-tools/bin/../lib/gcc/arm-none-eabi/4.7.2/thumb2/crti.o
 .ARM.attributes
                0x0000000000000019       0x29 /usr/local/Cellar/pebble-toolchain/2.0/arm-cs-tools/bin/../lib/gcc/arm-none-eabi/4.7.2/thumb2/crtbegin.o
 .ARM.attributes
                0x0000000000000042       0x33 src/config.c.28.o
 .ARM.attributes
                0x0000000000000075       0x33 src/main.c.28.o
 .ARM.attributes
                0x00000000000000a8       0x33 aplite/appinfo.auto.c.28.o
 .ARM.attributes
                0x00000000000000db       0x33 aplite/src/resource_ids.auto.c.28.o
 .ARM.attributes
                0x000000000000010e       0x33 src/message_keys.auto.c.28.o
 .ARM.attributes
                0x0000000000000141       0x21 /Users/obakesan/Library/Application Support/Pebble SDK/SDKs/current/sdk-core/pebble/aplite/lib/libpebble.a(tmp54NhKcpebble.o)
 .ARM.attributes
                0x0000000000000162       0x29 /usr/local/Cellar/pebble-toolchain/2.0/arm-cs-tools/bin/../lib/gcc/arm-none-eabi/4.7.2/thumb2/crtend.o
 .ARM.attributes
                0x000000000000018b       0x19 /usr/local/Cellar/pebble-toolchain/2.0/arm-cs-tools/bin/../lib/gcc/arm-none-eabi/4.7.2/thumb2/crtn.o

.comment        0x0000000000000000       0x4e
 .comment       0x0000000000000000       0x4e /usr/local/Cellar/pebble-toolchain/2.0/arm-cs-tools/bin/../lib/gcc/arm-none-eabi/4.7.2/thumb2/crtbegin.o
                                         0x4f (size before relaxing)
 .comment       0x0000000000000000       0x4f src/config.c.28.o
 .comment       0x0000000000000000       0x4f src/main.c.28.o
 .comment       0x0000000000000000       0x4f aplite/appinfo.auto.c.28.o
 .comment       0x0000000000000000       0x4f aplite/src/resource_ids.auto.c.28.o
 .comment       0x0000000000000000       0x4f src/message_keys.auto.c.28.o
 .comment       0x0000000000000000       0x4f /usr/local/Cellar/pebble-toolchain/2.0/arm-cs-tools/bin/../lib/gcc/arm-none-eabi/4.7.2/thumb2/crtend.o

.debug_info     0x0000000000000000     0x1d0f
 .debug_info    0x0000000000000000      0x2e2 src/config.c.28.o
 .debug_info    0x00000000000002e2     0x15e2 src/main.c.28.o
 .debug_info    0x00000000000018c4      0x313 aplite/appinfo.auto.c.28.o
 .debug_info    0x0000000000001bd7       0xa5 aplite/src/resource_ids.auto.c.28.o
 .debug_info    0x0000000000001c7c       0x93 src/message_keys.auto.c.28.o

.debug_abbrev   0x0000000000000000      0x692
 .debug_abbrev  0x0000000000000000      0x19f src/config.c.28.o
 .debug_abbrev  0x000000000000019f      0x3cd src/main.c.28.o
 .debug_abbrev  0x000000000000056c       0x9e aplite/appinfo.auto.c.28.o
 .debug_abbrev  0x000000000000060a       0x44 aplite/src/resource_ids.auto.c.28.o
 .debug_abbrev  0x000000000000064e       0x44 src/message_keys.auto.c.28.o

.debug_loc      0x0000000000000000      0x419
 .debug_loc     0x0000000000000000       0x7e src/config.c.28.o
 .debug_loc     0x000000000000007e      0x39b src/main.c.28.o

.debug_aranges  0x0000000000000000       0xd8
 .debug_aranges
                0x0000000000000000       0x28 src/config.c.28.o
 .debug_aranges
                0x0000000000000028       0x68 src/main.c.28.o
 .debug_aranges
                0x0000000000000090       0x18 aplite/appinfo.auto.c.28.o
 .debug_aranges
                0x00000000000000a8       0x18 aplite/src/resource_ids.auto.c.28.o
 .debug_aranges
                0x00000000000000c0       0x18 src/message_keys.auto.c.28.o

.debug_ranges   0x0000000000000000       0x70
 .debug_ranges  0x0000000000000000       0x18 src/config.c.28.o
 .debug_ranges  0x0000000000000018       0x58 src/main.c.28.o

.debug_line     0x0000000000000000      0x876
 .debug_line    0x0000000000000000      0x1bc src/config.c.28.o
 .debug_line    0x00000000000001bc      0x402 src/main.c.28.o
 .debug_line    0x00000000000005be      0x137 aplite/appinfo.auto.c.28.o
 .debug_line    0x00000000000006f5       0xc4 aplite/src/resource_ids.auto.c.28.o
 .debug_line    0x00000000000007b9       0xbd src/message_keys.auto.c.28.o

.debug_str      0x0000000000000000      0xd4b
 .debug_str     0x0000000000000000      0x1bd src/config.c.28.o
                                        0x217 (size before relaxing)
 .debug_str     0x00000000000001bd      0x8f3 src/main.c.28.o
                                        0xb46 (size before relaxing)
 .debug_str     0x0000000000000ab0      0x212 aplite/appinfo.auto.c.28.o
                                        0x30a (size before relaxing)
 .debug_str     0x0000000000000cc2       0x71 aplite/src/resource_ids.auto.c.28.o
                                        0x143 (size before relaxing)
 .debug_str     0x0000000000000d33       0x18 src/message_keys.auto.c.28.o
                                        0x113 (size before relaxing)

.debug_frame    0x0000000000000000      0x178
 .debug_frame   0x0000000000000000       0x40 src/config.c.28.o
 .debug_frame   0x0000000000000040      0x138 src/main.c.28.o
